Backend logs 
PS C:\Users\atish\OneDrive\Documents\NewBee\UniPortal-Backend> npm start

> smp-portal-backend@1.0.0 start
> node server.js

WebSocket Server is running on http://localhost:3001
MongoDB Connected: localhost
Default SMP user already exists.
Server running on port 5000, On , In env DEV
COOKIE from previous session {
  'username-localhost-8888': '2|1:0|10:1780683230|23:username-localhost-8888|188:eyJ1c2VybmFtZSI6ICIxMzQyZmQ4M2Y4MjY0NDM2YjBlMTJlZmUyYjVkZWJjNSIsICJuYW1lIjogIkFub255bW91cyBEaWEiLCAiZGlzcGxheV9uYW1lIjogIkFub255bW91cyBEaWEiLCAiaW5pdGlhbHMiOiAiQUQiLCAiY29sb3IiOiBudWxsfQ==|244559c8af764967eeb549a75a890b7e57af43764ef6b770b93303043e4150f2',
  _xsrf: '2|74bbbe77|c3c1a0f5792c80de25b2964748c2bde8|1780683230',
  'username-localhost-8889': '2|1:0|10:1780683254|23:username-localhost-8889|200:eyJ1c2VybmFtZSI6ICI5NDQyM2UxZTczYTY0YmM4ODc0MTcwMjI2ZmZhZmI3MiIsICJuYW1lIjogIkFub255bW91cyBMeXNpdGhlYSIsICJkaXNwbGF5X25hbWUiOiAiQW5vbnltb3VzIEx5c2l0aGVhIiwgImluaXRpYWxzIjogIkFMIiwgImNvbG9yIjogbnVsbH0=|4dd420a5110e8e9ec092b405ecb0da7bd4ed6addd72427929f319a3d21173d29',    
  jwt: 'eyJhbGciOiJIUzI1NiIsInR5cCI6IkpXVCJ9.eyJ1c2VyX0lEIjoiMTIzNDU2NyIsInJvbGUiOjc2NjksImlhdCI6MTc4MDg5ODgxMSwiZXhwIjoxNzgwOTg1MjExfQ.4OVrLDxerG0gZ7uLKpe4e-iZU8BAbFt7ZibzI-bu4-M'
}
We are in verifyRoles
Access Token is : eyJhbGciOiJIUzI1NiIsInR5cCI6IkpXVCJ9.eyJ1c2VyX0lEIjoiMTIzNDU2NyIsInJvbGUiOjc2NjksImlhdCI6MTc4MDkwMDg5MCwiZXhwIjoxNzgwOTA0NDkwfQ.zwxBkKfG5iv_ff56KVypkmr1MTuDcunM-c54c8SicXI
refresh token is : eyJhbGciOiJIUzI1NiIsInR5cCI6IkpXVCJ9.eyJ1c2VyX0lEIjoiMTIzNDU2NyIsInJvbGUiOjc2NjksImlhdCI6MTc4MDkwMDg5MCwiZXhwIjoxNzgwOTg3MjkwfQ.CVLR1DKG4gTjIUbbKkPDTpXUgbuwjjNZ1nD5OnejTmc
Access token is valid
Role is : 7669
Allowed roles : [ 7669, 6311 ]
Result is : true
We will now proceed
We are in verifyRoles
Access Token is : eyJhbGciOiJIUzI1NiIsInR5cCI6IkpXVCJ9.eyJ1c2VyX0lEIjoiMTIzNDU2NyIsInJvbGUiOjc2NjksImlhdCI6MTc4MDkwMDg5MCwiZXhwIjoxNzgwOTA0NDkwfQ.zwxBkKfG5iv_ff56KVypkmr1MTuDcunM-c54c8SicXI
refresh token is : eyJhbGciOiJIUzI1NiIsInR5cCI6IkpXVCJ9.eyJ1c2VyX0lEIjoiMTIzNDU2NyIsInJvbGUiOjc2NjksImlhdCI6MTc4MDkwMDg5MCwiZXhwIjoxNzgwOTg3MjkwfQ.CVLR1DKG4gTjIUbbKkPDTpXUgbuwjjNZ1nD5OnejTmc
Access token is valid
Role is : 7669
Allowed roles : [ 7669, 6311 ]
Result is : true
We will now proceed
We are in verifyRoles
Access Token is : eyJhbGciOiJIUzI1NiIsInR5cCI6IkpXVCJ9.eyJ1c2VyX0lEIjoiMTIzNDU2NyIsInJvbGUiOjc2NjksImlhdCI6MTc4MDkwMDg5MCwiZXhwIjoxNzgwOTA0NDkwfQ.zwxBkKfG5iv_ff56KVypkmr1MTuDcunM-c54c8SicXI
refresh token is : eyJhbGciOiJIUzI1NiIsInR5cCI6IkpXVCJ9.eyJ1c2VyX0lEIjoiMTIzNDU2NyIsInJvbGUiOjc2NjksImlhdCI6MTc4MDkwMDg5MCwiZXhwIjoxNzgwOTg3MjkwfQ.CVLR1DKG4gTjIUbbKkPDTpXUgbuwjjNZ1nD5OnejTmc
Access token is valid
Role is : 7669
Allowed roles : [ 1980, 5980, 7669, 6311 ]
Result is : true
We will now proceed
{
  user_ID: '1234567',
  user_Name: 'Test Student',
  body: 'hello',
  hidden: false,
  _id: new ObjectId("6a261be2d5175eb32d334dc2"),
  asked_At: 2026-06-08T01:33:22.872Z
}
{
  user_ID: '1234567',
  user_Name: 'Test Student',
  body: 'hi',
  hidden: false,
  _id: new ObjectId("6a261bd4d5175eb32d334db7"),
  asked_At: 2026-06-08T01:33:08.224Z
}
{
  user_ID: '1234567',
  user_Name: 'Test Student',
  body: 'hi',
  hidden: false,
  _id: new ObjectId("6a261befd5175eb32d334dce"),
  asked_At: 2026-06-08T01:33:35.216Z
}
{
  user_ID: '1234567',
  user_Name: 'Test Student',
  body: 'Hi, new entrants will not be able to book the guesthouse, but we do have names of some alternative hotels around campus on our website',
  hidden: false,
  _id: new ObjectId("6a261dc1d5175eb32d334e17"),
  asked_At: 2026-06-08T01:41:21.617Z
}
{
  user_ID: '1234567',
  user_Name: 'Test Student',
  body: 'hi',
  hidden: false,
  _id: new ObjectId("6a265c2b366d3d472152c921"),
  asked_At: 2026-06-08T06:07:39.894Z
}
{
  user_ID: 'smp',
  user_Name: 'SMP User',
  body: 'U can add it using something',
  upvotes: 0,
  images: [],
  hidden: false,
  verified: true,
  _id: new ObjectId("6a15cf6c1612bf0c8a466e21"),
  comments: [],
  asked_At: 2026-05-26T16:50:52.498Z
}
{
  user_ID: 'smp',
  user_Name: 'SMP User',
  body: 'u can add it ',
  upvotes: 0,
  images: [],
  hidden: false,
  verified: true,
  _id: new ObjectId("6a15cf8b1612bf0c8a466e30"),
  comments: [],
  asked_At: 2026-05-26T16:51:23.002Z
}
{
  user_ID: 'smp',
  user_Name: 'SMP User',
  body: 'Hey! So usually, for any visit to the IITB hospital as an undergrad— you will need to produce your medical file.\r\n' +
    '\r\n' +
    'While making a medical file at the hospital (the schedule for this is usually shared by the hospital in advance), it is recommended you take atleast one of the mentioned vaccines beforehand(MMR, Chickenpox, Typhoid or Hepatitis A).\r\n' +
    '\r\n' +
    'Proof of vaccination for one of these is required to make the medical file. Taking the MMR vaccine is recommended. \r\n' +
    '\r\n' +
    'In case you cannot get vaccinated before coming here/cannot find proof of vaccination, you can take a vaccine at the IITB hospital itself (which you will be charged for). This can be used to make your medical file.\r\n' +
    '\r\n' +
    "The medical record form should have a list of any other details/documents you'd need to produce for making your medical file.\r\n" +
    '\r\n' +
    'Scroll down to "hospital related information"—\r\n' +
    'https://acad.iitb.ac.in/information-ug-new-entrants-2025-2026\r\n' +
    '\r\n' +
    '\r\n' +
    'Feel free to ask for any further clarifications!',
  upvotes: 0,
  images: [],
  hidden: false,
  verified: true,
  _id: new ObjectId("6a15d11aaeb366151f88517d"),
  comments: [],
  asked_At: 2026-05-26T16:58:02.003Z
}
{
  user_ID: 'smp',
  user_Name: 'SMP User',
  body: 'h1 canteen',
  upvotes: 0,
  images: [],
  hidden: false,
  verified: true,
  _id: new ObjectId("6a187027e3c9575a35a5dcdb"),
  comments: [],
  asked_At: 2026-05-28T16:41:11.784Z
}
{
  user_ID: 'smp',
  user_Name: 'SMP User',
  body: 'Hi, new entrants will not be able to book the guesthouse, but we do have names of some alternative hotels around campus on our website ',
  upvotes: 0,
  images: [],
  hidden: false,
  verified: true,
  _id: new ObjectId("6a2644a4a216153d7e4b2178"),
  comments: [],
  asked_At: 2026-06-08T04:27:16.008Z
}
{
  user_ID: 'smp',
  user_Name: 'SMP User',
  body: 'It was good',
  upvotes: 0,
  images: [],
  hidden: false,
  verified: true,
  _id: new ObjectId("6a265bf0366d3d472152c8fa"),
  comments: [],
  asked_At: 2026-06-08T06:06:40.810Z
}
We are in verifyRoles
Access Token is : eyJhbGciOiJIUzI1NiIsInR5cCI6IkpXVCJ9.eyJ1c2VyX0lEIjoiMTIzNDU2NyIsInJvbGUiOjc2NjksImlhdCI6MTc4MDkwMDg5MCwiZXhwIjoxNzgwOTA0NDkwfQ.zwxBkKfG5iv_ff56KVypkmr1MTuDcunM-c54c8SicXI
refresh token is : eyJhbGciOiJIUzI1NiIsInR5cCI6IkpXVCJ9.eyJ1c2VyX0lEIjoiMTIzNDU2NyIsInJvbGUiOjc2NjksImlhdCI6MTc4MDkwMDg5MCwiZXhwIjoxNzgwOTg3MjkwfQ.CVLR1DKG4gTjIUbbKkPDTpXUgbuwjjNZ1nD5OnejTmc
Access token is valid
Role is : 7669
Allowed roles : [ 7669, 1980 ]
Result is : true
We will now proceed
images : []
body : [Object: null prototype] {
  user_ID: '1234567',
  body: 'hi',
  tag: 'Hostel',
  is_Anonymous: 'false'
}
user found {
  _id: new ObjectId("6a15ce071612bf0c8a466de3"),
  name: 'Test Student',
  user_ID: '1234567',
  password: '$2a$10$xqEAvM8RT3FgYHQSMwJBDeisYULGiRQrtVDbYNI9qckMKG36BAXxC',
  email: '',
  asked_questions: [
    { questionID: '6a15cf2e1612bf0c8a466e0e' },
    { questionID: '6a15d0e3aeb366151f88516e' },
    { questionID: '6a186ffde3c9575a35a5dccb' },
    { questionID: '6a254a2ba544b942dfc2fb44' },
    { questionID: '6a256f89dd85f454d248fb19' },
    { questionID: '6a25718bdd85f454d248fb45' },
    { questionID: '6a2571d4dd85f454d248fb59' },
    { questionID: '6a2572fadd85f454d248fb7c' },
    { questionID: '6a25735bdd85f454d248fb91' },
    { questionID: '6a2574625735edf1affba435' },
    { questionID: '6a2575295735edf1affba453' },
    { questionID: '6a2576045735edf1affba46f' },
    { questionID: '6a2576d25735edf1affba488' },
    { questionID: '6a257734d1e2bf709814da1e' },
    { questionID: '6a261d84d5175eb32d334def' },
    { questionID: '6a261e64d5175eb32d334e3b' },
    { questionID: '6a265bd0366d3d472152c8cf' }
  ],
  upvoted_questions: [],
  upvoted_answers: [],
  question_comments: [
    {
      questionID: '6a186ffde3c9575a35a5dccb',
      commentID: '6a261bd4d5175eb32d334db7'
    },
    {
      questionID: '6a15cf2e1612bf0c8a466e0e',
      commentID: '6a261be2d5175eb32d334dc2'
    },
    {
      questionID: '6a2576d25735edf1affba488',
      commentID: '6a261befd5175eb32d334dce'
    },
    {
      questionID: '6a261d84d5175eb32d334def',
      commentID: '6a261dc1d5175eb32d334e17'
    },
    {
      questionID: '6a265bd0366d3d472152c8cf',
      commentID: '6a265c2b366d3d472152c921'
    }
  ],
  answer_comments: [],
  answered_questions: [],
  role: 7669,
  refreshToken: [
    'eyJhbGciOiJIUzI1NiIsInR5cCI6IkpXVCJ9.eyJ1c2VyX0lEIjoiMTIzNDU2NyIsInJvbGUiOjc2NjksImlhdCI6MTc4MDkwMDg5MCwiZXhwIjoxNzgwOTg3MjkwfQ.CVLR1DKG4gTjIUbbKkPDTpXUgbuwjjNZ1nD5OnejTmc'
  ],
  __v: 57
}

node:internal/process/promises:394
    triggerUncaughtException(err, true /* fromPromise */);
    ^
AxiosError: connect ECONNREFUSED 127.0.0.1:5001
    at AxiosError.from (C:\Users\atish\OneDrive\Documents\NewBee\UniPortal-Backend\node_modules\axios\dist\node\axios.cjs:836:14)
    at RedirectableRequest.handleRequestError (C:\Users\atish\OneDrive\Documents\NewBee\UniPortal-Backend\node_modules\axios\dist\node\axios.cjs:3086:25)
    at RedirectableRequest.emit (node:events:508:28)
    at eventHandlers.<computed> (C:\Users\atish\OneDrive\Documents\NewBee\UniPortal-Backend\node_modules\follow-redirects\index.js:38:24)
    at ClientRequest.emit (node:events:508:28)
    at emitErrorEvent (node:_http_client:108:11)
    at Socket.socketErrorListener (node:_http_client:575:5)
    at Socket.emit (node:events:508:28)
    at emitErrorNT (node:internal/streams/destroy:170:8)
    at emitErrorCloseNT (node:internal/streams/destroy:129:3)
    at Axios.request (C:\Users\atish\OneDrive\Documents\NewBee\UniPortal-Backend\node_modules\axios\dist\node\axios.cjs:3876:41)
    at process.processTicksAndRejections (node:internal/process/task_queues:103:5)      
    at async C:\Users\atish\OneDrive\Documents\NewBee\UniPortal-Backend\api\controllers\questionController.js:97:28 {
  port: 5001,
  address: '127.0.0.1',
  syscall: 'connect',
  code: 'ECONNREFUSED',
  errno: -4078,
  config: {
    transitional: {
      silentJSONParsing: true,
      forcedJSONParsing: true,
      clarifyTimeoutError: false
    },
    adapter: [ 'xhr', 'http' ],
    transformRequest: [ [Function: transformRequest] ],
    transformResponse: [ [Function: transformResponse] ],
    timeout: 0,
    xsrfCookieName: 'XSRF-TOKEN',
    xsrfHeaderName: 'X-XSRF-TOKEN',
    maxContentLength: -1,
    maxBodyLength: -1,
    env: {
      FormData: [Function: FormData] {
        LINE_BREAK: '\r\n',
        DEFAULT_CONTENT_TYPE: 'application/octet-stream'
      },
      Blob: [class Blob]
    },
    validateStatus: [Function: validateStatus],
    headers: Object [AxiosHeaders] {
      Accept: 'application/json, text/plain, */*',
      'Content-Type': 'application/json',
      'User-Agent': 'axios/1.6.8',
      'Content-Length': '14',
      'Accept-Encoding': 'gzip, compress, deflate, br'
    },
    method: 'post',
    url: 'http://127.0.0.1:5001/newbee/nlp/tag',
    data: '{"query":"hi"}'
  },
  request: <ref *1> Writable {
    _events: {
      close: undefined,
      error: [Function: handleRequestError],
      prefinish: undefined,
      finish: undefined,
      drain: undefined,
      response: [Function: handleResponse],
      socket: [Function: handleRequestSocket]
    },
    _writableState: WritableState {
      highWaterMark: 16384,
      length: 0,
      corked: 0,
      onwrite: [Function: bound onwrite],
      writelen: 0,
      bufferedIndex: 0,
      pendingcb: 0,
      Symbol(kState): 17580812,
      Symbol(kBufferedValue): null
    },
    _maxListeners: undefined,
    _options: {
      maxRedirects: 21,
      maxBodyLength: Infinity,
      protocol: 'http:',
      path: '/newbee/nlp/tag',
      method: 'POST',
      headers: [Object: null prototype] {
        Accept: 'application/json, text/plain, */*',
        'Content-Type': 'application/json',
        'User-Agent': 'axios/1.6.8',
        'Content-Length': '14',
        'Accept-Encoding': 'gzip, compress, deflate, br'
      },
      agents: { http: undefined, https: undefined },
      auth: undefined,
      family: undefined,
      beforeRedirect: [Function: dispatchBeforeRedirect],
      beforeRedirects: { proxy: [Function: beforeRedirect] },
      hostname: '127.0.0.1',
      port: '5001',
      agent: undefined,
      nativeProtocols: {
        'http:': {
          _connectionListener: [Function: connectionListener],
          METHODS: [
            'ACL',        'BIND',        'CHECKOUT',
            'CONNECT',    'COPY',        'DELETE',
            'GET',        'HEAD',        'LINK',
            'LOCK',       'M-SEARCH',    'MERGE',
            'MKACTIVITY', 'MKCALENDAR',  'MKCOL',
            'MOVE',       'NOTIFY',      'OPTIONS',
            'PATCH',      'POST',        'PROPFIND',
            'PROPPATCH',  'PURGE',       'PUT',
            'QUERY',      'REBIND',      'REPORT',
            'SEARCH',     'SOURCE',      'SUBSCRIBE',
            'TRACE',      'UNBIND',      'UNLINK',
            'UNLOCK',     'UNSUBSCRIBE'
          ],
          STATUS_CODES: {
            '100': 'Continue',
            '101': 'Switching Protocols',
            '102': 'Processing',
            '103': 'Early Hints',
            '200': 'OK',
            '201': 'Created',
            '202': 'Accepted',
            '203': 'Non-Authoritative Information',
            '204': 'No Content',
            '205': 'Reset Content',
            '206': 'Partial Content',
            '207': 'Multi-Status',
            '208': 'Already Reported',
            '226': 'IM Used',
            '300': 'Multiple Choices',
            '301': 'Moved Permanently',
            '302': 'Found',
            '303': 'See Other',
            '304': 'Not Modified',
            '305': 'Use Proxy',
            '307': 'Temporary Redirect',
            '308': 'Permanent Redirect',
            '400': 'Bad Request',
            '401': 'Unauthorized',
            '402': 'Payment Required',
            '403': 'Forbidden',
            '404': 'Not Found',
            '405': 'Method Not Allowed',
            '406': 'Not Acceptable',
            '407': 'Proxy Authentication Required',
            '408': 'Request Timeout',
            '409': 'Conflict',
            '410': 'Gone',
            '411': 'Length Required',
            '412': 'Precondition Failed',
            '413': 'Payload Too Large',
            '414': 'URI Too Long',
            '415': 'Unsupported Media Type',
            '416': 'Range Not Satisfiable',
            '417': 'Expectation Failed',
            '418': "I'm a Teapot",
            '421': 'Misdirected Request',
            '422': 'Unprocessable Entity',
            '423': 'Locked',
            '424': 'Failed Dependency',
            '425': 'Too Early',
            '426': 'Upgrade Required',
            '428': 'Precondition Required',
            '429': 'Too Many Requests',
            '431': 'Request Header Fields Too Large',
            '451': 'Unavailable For Legal Reasons',
            '500': 'Internal Server Error',
            '501': 'Not Implemented',
            '502': 'Bad Gateway',
            '503': 'Service Unavailable',
            '504': 'Gateway Timeout',
            '505': 'HTTP Version Not Supported',
            '506': 'Variant Also Negotiates',
            '507': 'Insufficient Storage',
            '508': 'Loop Detected',
            '509': 'Bandwidth Limit Exceeded',
            '510': 'Not Extended',
            '511': 'Network Authentication Required'
          },
          Agent: [Function: Agent] { defaultMaxSockets: Infinity },
          ClientRequest: [Function: ClientRequest],
          IncomingMessage: [Function: IncomingMessage],
          OutgoingMessage: [Function: OutgoingMessage],
          Server: [Function: Server],
          ServerResponse: [Function: ServerResponse],
          createServer: [Function: createServer],
          validateHeaderName: [Function: validateHeaderName] {
            withoutStackTrace: [Function (anonymous)]
          },
          validateHeaderValue: [Function: validateHeaderValue] {
            withoutStackTrace: [Function (anonymous)]
          },
          get: [Function: get],
          request: [Function: request],
          setMaxIdleHTTPParsers: [Function: setMaxIdleHTTPParsers],
          maxHeaderSize: [Getter],
          globalAgent: [Getter/Setter],
          WebSocket: [Getter],
          CloseEvent: [Getter],
          MessageEvent: [Getter]
        },
        'https:': {
          Agent: [Function: Agent],
          globalAgent: Agent {
            _events: [Object: null prototype],
            _eventsCount: 2,
            _maxListeners: undefined,
            options: [Object: null prototype],
            defaultPort: 443,
            protocol: 'https:',
            requests: [Object: null prototype] {},
            sockets: [Object: null prototype] {},
            freeSockets: [Object: null prototype] {},
            keepAliveMsecs: 1000,
            keepAlive: true,
            maxSockets: Infinity,
            maxFreeSockets: 256,
            scheduling: 'lifo',
            maxTotalSockets: Infinity,
            totalSocketCount: 0,
            agentKeepAliveTimeoutBuffer: 1000,
            maxCachedSessions: 100,
            _sessionCache: [Object],
            Symbol(shapeMode): false,
            Symbol(kCapture): false
          },
          Server: [Function: Server],
          createServer: [Function: createServer],
          get: [Function: get],
          request: [Function: request]
        }
      },
      pathname: '/newbee/nlp/tag'
    },
    _ended: false,
    _ending: true,
    _redirectCount: 0,
    _redirects: [],
    _requestBodyLength: 14,
    _requestBodyBuffers: [
      {
        data: Buffer(14) [Uint8Array] [
          123,  34, 113, 117, 101,
          114, 121,  34,  58,  34,
          104, 105,  34, 125
        ],
        encoding: undefined
      }
    ],
    _eventsCount: 3,
    _onNativeResponse: [Function (anonymous)],
    _currentRequest: <ref *2> ClientRequest {
      _events: [Object: null prototype] {
        response: [Function: bound onceWrapper] {
          listener: [Function (anonymous)]
        },
        abort: [Function (anonymous)],
        aborted: [Function (anonymous)],
        connect: [Function (anonymous)],
        error: [Function (anonymous)],
        socket: [Function (anonymous)],
        timeout: [Function (anonymous)]
      },
      _eventsCount: 7,
      _maxListeners: undefined,
      outputData: [],
      outputSize: 0,
      writable: true,
      destroyed: false,
      _last: false,
      chunkedEncoding: false,
      shouldKeepAlive: true,
      maxRequestsOnConnectionReached: false,
      _defaultKeepAlive: true,
      useChunkedEncodingByDefault: true,
      sendDate: false,
      _removedConnection: false,
      _removedContLen: false,
      _removedTE: false,
      strictContentLength: false,
      _contentLength: 14,
      _hasBody: true,
      _trailer: '',
      finished: false,
      _headerSent: true,
      _closed: false,
      _header: 'POST /newbee/nlp/tag HTTP/1.1\r\n' +
        'Accept: application/json, text/plain, */*\r\n' +
        'Content-Type: application/json\r\n' +
        'User-Agent: axios/1.6.8\r\n' +
        'Content-Length: 14\r\n' +
        'Accept-Encoding: gzip, compress, deflate, br\r\n' +
        'Host: 127.0.0.1:5001\r\n' +
        'Connection: keep-alive\r\n' +
        '\r\n',
      _keepAliveTimeout: 0,
      _onPendingData: [Function: nop],
      agent: Agent {
        _events: [Object: null prototype] {
          free: [Function (anonymous)],
          newListener: [Function: maybeEnableKeylog]
        },
        _eventsCount: 2,
        _maxListeners: undefined,
        options: [Object: null prototype] {
          keepAlive: true,
          scheduling: 'lifo',
          timeout: 5000,
          proxyEnv: undefined,
          noDelay: true,
          path: null
        },
        defaultPort: 80,
        protocol: 'http:',
        requests: [Object: null prototype] {},
        sockets: [Object: null prototype] { '127.0.0.1:5001:': [ [Socket] ] },
        freeSockets: [Object: null prototype] {},
        keepAliveMsecs: 1000,
        keepAlive: true,
        maxSockets: Infinity,
        maxFreeSockets: 256,
        scheduling: 'lifo',
        maxTotalSockets: Infinity,
        totalSocketCount: 1,
        agentKeepAliveTimeoutBuffer: 1000,
        Symbol(shapeMode): false,
        Symbol(kCapture): false
      },
      socketPath: undefined,
      method: 'POST',
      maxHeaderSize: undefined,
      insecureHTTPParser: undefined,
      joinDuplicateHeaders: undefined,
      path: '/newbee/nlp/tag',
      _ended: false,
      res: null,
      aborted: false,
      timeoutCb: [Function: emitRequestTimeout],
      upgradeOrConnect: false,
      parser: null,
      maxHeadersCount: null,
      reusedSocket: false,
      host: '127.0.0.1',
      protocol: 'http:',
      _redirectable: [Circular *1],
      Symbol(shapeMode): false,
      Symbol(kCapture): false,
      Symbol(kBytesWritten): 0,
      Symbol(kNeedDrain): false,
      Symbol(corked): 0,
      Symbol(kChunkedBuffer): [],
      Symbol(kChunkedLength): 0,
      Symbol(kSocket): Socket {
        connecting: false,
        _hadError: true,
        _parent: null,
        _host: null,
        _closeAfterHandlingError: false,
        _events: {
          close: [
            [Function: onClose],
            [Function: socketCloseListener],
            [Function]
          ],
          error: [Function: socketErrorListener],
          prefinish: undefined,
          finish: undefined,
          drain: [Function: ondrain],
          data: undefined,
          end: [Function: onReadableStreamEnd],
          readable: undefined,
          connect: [ [Function], [Function], [Function] ],
          free: [Function: onFree],
          timeout: [ [Function: onTimeout], [Function] ],
          agentRemove: [Function: onRemove]
        },
        _readableState: ReadableState {
          highWaterMark: 16384,
          buffer: [],
          bufferIndex: 0,
          length: 0,
          pipes: [],
          awaitDrainWriters: null,
          Symbol(kState): 59779574,
          Symbol(kErroredValue): Error: connect ECONNREFUSED 127.0.0.1:5001
              at TCPConnectWrap.afterConnect [as oncomplete] (node:net:1637:16) {       
            errno: -4078,
            code: 'ECONNREFUSED',
            syscall: 'connect',
            address: '127.0.0.1',
            port: 5001
          }
        },
        _writableState: WritableState {
          highWaterMark: 16384,
          length: 259,
          corked: 0,
          onwrite: [Function: bound onwrite],
          writelen: 259,
          bufferedIndex: 0,
          pendingcb: 1,
          Symbol(kState): 118260214,
          Symbol(kBufferedValue): null,
          Symbol(kWriteCbValue): [Function (anonymous)],
          Symbol(kErroredValue): Error: connect ECONNREFUSED 127.0.0.1:5001
              at TCPConnectWrap.afterConnect [as oncomplete] (node:net:1637:16) {       
            errno: -4078,
            code: 'ECONNREFUSED',
            syscall: 'connect',
            address: '127.0.0.1',
            port: 5001
          }
        },
        allowHalfOpen: false,
        _maxListeners: undefined,
        _eventsCount: 8,
        _sockname: null,
        _pendingData: [
          {
            chunk: 'POST /newbee/nlp/tag HTTP/1.1\r\n' +
              'Accept: application/json, text/plain, */*\r\n' +
              'Content-Type: application/json\r\n' +
              'User-Agent: axios/1.6.8\r\n' +
              'Content-Length: 14\r\n' +
              'Accept-Encoding: gzip, compress, deflate, br\r\n' +
              'Host: 127.0.0.1:5001\r\n' +
              'Connection: keep-alive\r\n' +
              '\r\n',
            encoding: 'latin1',
            callback: [Function: nop]
          },
          {
            chunk: [Buffer [Uint8Array]],
            encoding: 'buffer',
            callback: [Function (anonymous)]
          },
          allBuffers: false
        ],
        _pendingEncoding: '',
        server: null,
        _server: null,
        timeout: 5000,
        parser: null,
        _httpMessage: [Circular *2],
        Symbol(async_id_symbol): 348,
        Symbol(kHandle): null,
        Symbol(lastWriteQueueSize): 0,
        Symbol(timeout): Timeout {
          _idleTimeout: -1,
          _idlePrev: null,
          _idleNext: null,
          _idleStart: 42670,
          _onTimeout: null,
          _timerArgs: undefined,
          _repeat: null,
          _destroyed: true,
          Symbol(refed): false,
          Symbol(kHasPrimitive): false,
          Symbol(asyncId): 347,
          Symbol(triggerId): 0,
          Symbol(kAsyncContextFrame): undefined
        },
        Symbol(kBuffer): null,
        Symbol(kBufferCb): null,
        Symbol(kBufferGen): null,
        Symbol(shapeMode): true,
        Symbol(kCapture): false,
        Symbol(kSetNoDelay): true,
        Symbol(kSetKeepAlive): true,
        Symbol(kSetKeepAliveInitialDelay): 60,
        Symbol(kBytesRead): 0,
        Symbol(kBytesWritten): 0
      },
      Symbol(kOutHeaders): [Object: null prototype] {
        accept: [ 'Accept', 'application/json, text/plain, */*' ],
        'content-type': [ 'Content-Type', 'application/json' ],
        'user-agent': [ 'User-Agent', 'axios/1.6.8' ],
        'content-length': [ 'Content-Length', '14' ],
        'accept-encoding': [ 'Accept-Encoding', 'gzip, compress, deflate, br' ],        
        host: [ 'Host', '127.0.0.1:5001' ]
      },
      Symbol(errored): null,
      Symbol(kHighWaterMark): 16384,
      Symbol(kRejectNonStandardBodyWrites): false,
      Symbol(kUniqueHeaders): null
    },
    _currentUrl: 'http://127.0.0.1:5001/newbee/nlp/tag',
    Symbol(shapeMode): true,
    Symbol(kCapture): false
  },
  cause: Error: connect ECONNREFUSED 127.0.0.1:5001
      at TCPConnectWrap.afterConnect [as oncomplete] (node:net:1637:16) {
    errno: -4078,
    code: 'ECONNREFUSED',
    syscall: 'connect',
    address: '127.0.0.1',
    port: 5001
  }
}

Node.js v24.13.0

Frontend logs
PS C:\Users\atish\OneDrive\Documents\NewBee\UniPortal-Frontend> npm run dev

> uniportal-frontend@0.0.0 dev
> vite


  VITE v4.3.9  ready in 5042 ms

  ➜  Local:   https://localhost:8000/newbee
  ➜  Network: https://192.168.1.22:8000/newbee
  ➜  press h to show help
(node:6896) [DEP0060] DeprecationWarning: The `util._extend` API is deprecated. Please use Object.assign() instead.
(Use `node --trace-deprecation ...` to show where the warning was created)
12:08:10 pm [vite] http proxy error at //question/post:
Error: read ECONNRESET
    at TCP.onStreamRead (node:internal/stream_base_commons:216:20)
12:08:12 pm [vite] http proxy error at //question/post:
AggregateError [ECONNREFUSED]: 
    at internalConnectMultiple (node:net:1134:18)
    at afterConnectMultiple (node:net:1715:7)
12:08:15 pm [vite] http proxy error at //question/post:
AggregateError [ECONNREFUSED]:
    at internalConnectMultiple (node:net:1134:18)
    at afterConnectMultiple (node:net:1715:7) (x2)
12:08:17 pm [vite] http proxy error at //question/post:
AggregateError [ECONNREFUSED]:
    at internalConnectMultiple (node:net:1134:18)
    at afterConnectMultiple (node:net:1715:7) (x3)
12:08:17 pm [vite] http proxy error at //question/post:
AggregateError [ECONNREFUSED]:
    at internalConnectMultiple (node:net:1134:18)
    at afterConnectMultiple (node:net:1715:7) (x4)
12:08:17 pm [vite] http proxy error at //question/post:
AggregateError [ECONNREFUSED]:
    at internalConnectMultiple (node:net:1134:18)
    at afterConnectMultiple (node:net:1715:7) (x5)
12:08:18 pm [vite] http proxy error at //question/post:
AggregateError [ECONNREFUSED]:
    at internalConnectMultiple (node:net:1134:18)
    at afterConnectMultiple (node:net:1715:7) (x6)
12:08:22 pm [vite] http proxy error at //question/post:
AggregateError [ECONNREFUSED]:
    at internalConnectMultiple (node:net:1134:18)
    at afterConnectMultiple (node:net:1715:7) (x7)
12:08:29 pm [vite] http proxy error at //user/logout:
AggregateError [ECONNREFUSED]: 
    at internalConnectMultiple (node:net:1134:18)
    at afterConnectMultiple (node:net:1715:7)
12:08:38 pm [vite] http proxy error at //user/login:
AggregateError [ECONNREFUSED]: 
    at internalConnectMultiple (node:net:1134:18)
    at afterConnectMultiple (node:net:1715:7)
12:08:46 pm [vite] http proxy error at //user/login:
AggregateError [ECONNREFUSED]:
    at internalConnectMultiple (node:net:1134:18)
    at afterConnectMultiple (node:net:1715:7) (x2)
12:08:47 pm [vite] http proxy error at //user/login:
AggregateError [ECONNREFUSED]:
    at internalConnectMultiple (node:net:1134:18)
    at afterConnectMultiple (node:net:1715:7) (x3)
12:08:47 pm [vite] http proxy error at //user/login:
AggregateError [ECONNREFUSED]:
    at internalConnectMultiple (node:net:1134:18)
    at afterConnectMultiple (node:net:1715:7) (x4)
12:08:58 pm [vite] http proxy error at //user/login:
AggregateError [ECONNREFUSED]:
    at internalConnectMultiple (node:net:1134:18)
    at afterConnectMultiple (node:net:1715:7) (x5)
12:08:59 pm [vite] http proxy error at //user/login:
AggregateError [ECONNREFUSED]:
    at internalConnectMultiple (node:net:1134:18)
    at afterConnectMultiple (node:net:1715:7) (x6)
12:09:05 pm [vite] http proxy error at //user/login:
AggregateError [ECONNREFUSED]:
    at internalConnectMultiple (node:net:1134:18)
    at afterConnectMultiple (node:net:1715:7) (x7)
12:09:07 pm [vite] http proxy error at //user/login:
AggregateError [ECONNREFUSED]:
    at internalConnectMultiple (node:net:1134:18)
    at afterConnectMultiple (node:net:1715:7) (x8)
12:09:09 pm [vite] http proxy error at //user/login:
AggregateError [ECONNREFUSED]:
    at internalConnectMultiple (node:net:1134:18)
    at afterConnectMultiple (node:net:1715:7) (x9)
12:09:10 pm [vite] http proxy error at //user/login:
AggregateError [ECONNREFUSED]:
    at internalConnectMultiple (node:net:1134:18)
    at afterConnectMultiple (node:net:1715:7) (x10)
12:09:10 pm [vite] http proxy error at //user/login:
AggregateError [ECONNREFUSED]:
    at internalConnectMultiple (node:net:1134:18)
    at afterConnectMultiple (node:net:1715:7) (x11)
12:09:10 pm [vite] http proxy error at //user/login:
AggregateError [ECONNREFUSED]:
    at internalConnectMultiple (node:net:1134:18)
    at afterConnectMultiple (node:net:1715:7) (x12)
12:09:10 pm [vite] http proxy error at //user/login:
AggregateError [ECONNREFUSED]:
    at internalConnectMultiple (node:net:1134:18)
    at afterConnectMultiple (node:net:1715:7) (x13)
12:09:10 pm [vite] http proxy error at //user/login:
AggregateError [ECONNREFUSED]:
    at internalConnectMultiple (node:net:1134:18)
    at afterConnectMultiple (node:net:1715:7) (x14)
12:09:10 pm [vite] http proxy error at //user/login:
AggregateError [ECONNREFUSED]:
    at internalConnectMultiple (node:net:1134:18)
    at afterConnectMultiple (node:net:1715:7) (x15)
12:09:11 pm [vite] http proxy error at //user/login:
AggregateError [ECONNREFUSED]:
    at internalConnectMultiple (node:net:1134:18)
    at afterConnectMultiple (node:net:1715:7) (x16)
12:09:11 pm [vite] http proxy error at //user/login:
AggregateError [ECONNREFUSED]:
    at internalConnectMultiple (node:net:1134:18)
    at afterConnectMultiple (node:net:1715:7) (x17)
12:09:19 pm [vite] http proxy error at //user/login:
AggregateError [ECONNREFUSED]:
    at internalConnectMultiple (node:net:1134:18)
    at afterConnectMultiple (node:net:1715:7) (x18)
12:09:20 pm [vite] http proxy error at //user/login:
AggregateError [ECONNREFUSED]:
    at internalConnectMultiple (node:net:1134:18)
    at afterConnectMultiple (node:net:1715:7) (x19)
12:09:20 pm [vite] http proxy error at //user/login:
AggregateError [ECONNREFUSED]:
    at internalConnectMultiple (node:net:1134:18)
    at afterConnectMultiple (node:net:1715:7) (x20)
12:09:20 pm [vite] http proxy error at //user/login:
AggregateError [ECONNREFUSED]:
    at internalConnectMultiple (node:net:1134:18)
    at afterConnectMultiple (node:net:1715:7) (x21)
12:09:22 pm [vite] http proxy error at //user/login:
AggregateError [ECONNREFUSED]:
    at internalConnectMultiple (node:net:1134:18)
    at afterConnectMultiple (node:net:1715:7) (x22)
12:09:22 pm [vite] http proxy error at //user/login:
AggregateError [ECONNREFUSED]:
    at internalConnectMultiple (node:net:1134:18)
    at afterConnectMultiple (node:net:1715:7) (x23)
12:09:58 pm [vite] http proxy error at //user/login:
AggregateError [ECONNREFUSED]:
    at internalConnectMultiple (node:net:1134:18)
    at afterConnectMultiple (node:net:1715:7) (x24)
12:09:58 pm [vite] http proxy error at //user/login:
AggregateError [ECONNREFUSED]:
    at internalConnectMultiple (node:net:1134:18)
    at afterConnectMultiple (node:net:1715:7) (x25)
12:09:59 pm [vite] http proxy error at //user/login:
AggregateError [ECONNREFUSED]:
    at internalConnectMultiple (node:net:1134:18)
    at afterConnectMultiple (node:net:1715:7) (x26)
12:09:59 pm [vite] http proxy error at //user/login:
AggregateError [ECONNREFUSED]:
    at internalConnectMultiple (node:net:1134:18)
    at afterConnectMultiple (node:net:1715:7) (x27)
12:09:59 pm [vite] http proxy error at //user/login:
AggregateError [ECONNREFUSED]:
    at internalConnectMultiple (node:net:1134:18)
    at afterConnectMultiple (node:net:1715:7) (x28)
12:09:59 pm [vite] http proxy error at //user/login:
AggregateError [ECONNREFUSED]:
    at internalConnectMultiple (node:net:1134:18)
    at afterConnectMultiple (node:net:1715:7) (x29)
12:09:59 pm [vite] http proxy error at //user/login:
AggregateError [ECONNREFUSED]:
    at internalConnectMultiple (node:net:1134:18)
    at afterConnectMultiple (node:net:1715:7) (x30)
12:10:00 pm [vite] http proxy error at //user/login:
AggregateError [ECONNREFUSED]:
    at internalConnectMultiple (node:net:1134:18)
    at afterConnectMultiple (node:net:1715:7) (x31)
12:10:00 pm [vite] http proxy error at //user/login:
AggregateError [ECONNREFUSED]:
    at internalConnectMultiple (node:net:1134:18)
    at afterConnectMultiple (node:net:1715:7) (x32)
12:11:37 pm [vite] http proxy error at //question/post:
Error: read ECONNRESET
    at TCP.onStreamRead (node:internal/stream_base_commons:216:20)
12:11:38 pm [vite] http proxy error at //question/post:
AggregateError [ECONNREFUSED]: 
    at internalConnectMultiple (node:net:1134:18)
    at afterConnectMultiple (node:net:1715:7)
12:11:38 pm [vite] http proxy error at //question/post:
AggregateError [ECONNREFUSED]:
    at internalConnectMultiple (node:net:1134:18)
    at afterConnectMultiple (node:net:1715:7) (x2)
12:11:38 pm [vite] http proxy error at //question/post:
AggregateError [ECONNREFUSED]:
    at internalConnectMultiple (node:net:1134:18)
    at afterConnectMultiple (node:net:1715:7) (x3)
12:11:39 pm [vite] http proxy error at //question/post:
AggregateError [ECONNREFUSED]:
    at internalConnectMultiple (node:net:1134:18)
    at afterConnectMultiple (node:net:1715:7) (x4)
12:11:42 pm [vite] http proxy error at //question/post:
AggregateError [ECONNREFUSED]:
    at internalConnectMultiple (node:net:1134:18)
    at afterConnectMultiple (node:net:1715:7) (x5)
12:11:42 pm [vite] http proxy error at //question/post:
AggregateError [ECONNREFUSED]:
    at internalConnectMultiple (node:net:1134:18)
    at afterConnectMultiple (node:net:1715:7) (x6)
12:11:42 pm [vite] http proxy error at //question/post:
AggregateError [ECONNREFUSED]:
    at internalConnectMultiple (node:net:1134:18)
    at afterConnectMultiple (node:net:1715:7) (x7)










